Archive member included to satisfy reference by file (symbol)

c:/programming/embitz/embitz1_11/1.11/share/em_armgcc/bin/../lib/gcc/arm-none-eabi/5.4.1/../../../../arm-none-eabi/lib/armv7-m\libg_n.a(lib_a-exit.o)
                              c:/programming/embitz/embitz1_11/1.11/share/em_armgcc/bin/../lib/gcc/arm-none-eabi/5.4.1/../../../../arm-none-eabi/lib/armv7-m/crt0.o (exit)
c:/programming/embitz/embitz1_11/1.11/share/em_armgcc/bin/../lib/gcc/arm-none-eabi/5.4.1/../../../../arm-none-eabi/lib/armv7-m\libg_n.a(lib_a-impure.o)
                              c:/programming/embitz/embitz1_11/1.11/share/em_armgcc/bin/../lib/gcc/arm-none-eabi/5.4.1/../../../../arm-none-eabi/lib/armv7-m\libg_n.a(lib_a-exit.o) (_global_impure_ptr)
c:/programming/embitz/embitz1_11/1.11/share/em_armgcc/bin/../lib/gcc/arm-none-eabi/5.4.1/../../../../arm-none-eabi/lib/armv7-m\libg_n.a(lib_a-init.o)
                              c:/programming/embitz/embitz1_11/1.11/share/em_armgcc/bin/../lib/gcc/arm-none-eabi/5.4.1/../../../../arm-none-eabi/lib/armv7-m/crt0.o (__libc_init_array)
c:/programming/embitz/embitz1_11/1.11/share/em_armgcc/bin/../lib/gcc/arm-none-eabi/5.4.1/../../../../arm-none-eabi/lib/armv7-m\libg_n.a(lib_a-memset.o)
                              c:/programming/embitz/embitz1_11/1.11/share/em_armgcc/bin/../lib/gcc/arm-none-eabi/5.4.1/../../../../arm-none-eabi/lib/armv7-m/crt0.o (memset)
c:/programming/embitz/embitz1_11/1.11/share/em_armgcc/bin/../lib/gcc/arm-none-eabi/5.4.1/../../../../arm-none-eabi/lib/armv7-m\libnosys_s.a(_exit.o)
                              c:/programming/embitz/embitz1_11/1.11/share/em_armgcc/bin/../lib/gcc/arm-none-eabi/5.4.1/../../../../arm-none-eabi/lib/armv7-m\libg_n.a(lib_a-exit.o) (_exit)

Allocating common symbols
Common symbol       size              file

conveyorDirectionPrev
                    0x1               obj\debug\src\can.o
flagOnholdTransmit  0x1               obj\debug\src\can.o
FS_KOM_NEWTelegram  0x1               obj\debug\src\can.o
conveyorDirection   0x1               obj\debug\src\can.o
Font_16x26          0x8               obj\debug\src\font.o
flagRequestTransmitNMT
                    0x1               obj\debug\src\can.o
FS_SERVO_arrived    0x1               obj\debug\src\can.o
FS_ENTLEER_ABTURM_Tick
                    0x1               obj\debug\src\fs_entleerung.o
FS_SERVO_blockReady
                    0x1               obj\debug\src\can.o
FS_KOM_Timer        0x1               obj\debug\src\can.o
FS_KOM_Block_Waiting
                    0x1               obj\debug\src\can.o
direction           0x1               obj\debug\src\can.o
FS_ENTLEER_CAN_Received
                    0x2               obj\debug\src\can.o
counterA            0x2               obj\debug\src\can.o
FS_KOM_Ready_to_take_Block
                    0x1               obj\debug\src\can.o
FS_SORT_isOrder     0x1               obj\debug\src\can.o
FS_KOM_Schritt      0x1               obj\debug\src\can.o
FS_ENTLEER_ANTURM_BLOCK_ERHALTEN
                    0x1               obj\debug\src\can.o
FS_SCHRITT_BLOCK_ERHALTEN
                    0x1               obj\debug\src\can.o
FS_ENTLEER_ANTURM_Tick
                    0x1               obj\debug\src\fs_entleerung.o
FS_ENTLEER_ABTURM_ABGABEBEREIT
                    0x1               obj\debug\src\can.o
prevDirection       0x1               obj\debug\src\can.o
FS_SORT_ZYLINDER_start
                    0x1               obj\debug\src\can.o
FS_KOM_Ready_to_give_Block
                    0x1               obj\debug\src\can.o
FS_ENTLEER_ExtraTickRequest
                    0x1               obj\debug\src\can.o
Font_7x10           0x8               obj\debug\src\font.o
step                0x1               obj\debug\src\can.o
FS_ENTLEER_GREIFARM_Tick
                    0x1               obj\debug\src\fs_entleerung.o
FS_SORT_UartRxData  0x2               obj\debug\src\isr.o
FS_ENTLEER_ANTURM_ANNAHMEBEREIT
                    0x1               obj\debug\src\can.o
FS_Vorgaenger       0x1               obj\debug\src\can.o
Font_11x18          0x8               obj\debug\src\font.o
FS_SERVO_timerDone  0x1               obj\debug\src\can.o
FS_SERVO_InData     0x1               obj\debug\src\can.o
FS_SCHRITT_ANNAHMEBEREIT
                    0x1               obj\debug\src\can.o
flagRequestTransmitPL
                    0x1               obj\debug\src\can.o
FS_ENTLEER_BAND_OBEN_Tick
                    0x1               obj\debug\src\fs_entleerung.o
FS_SERVO_setTimer   0x1               obj\debug\src\can.o
FS_ENTLEER_CAN_NewTelegramReceived
                    0x1               obj\debug\src\can.o

Discarded input sections

 .text          0x00000000        0x0 c:/programming/embitz/embitz1_11/1.11/share/em_armgcc/bin/../lib/gcc/arm-none-eabi/5.4.1/armv7-m/crti.o
 .data          0x00000000        0x0 c:/programming/embitz/embitz1_11/1.11/share/em_armgcc/bin/../lib/gcc/arm-none-eabi/5.4.1/armv7-m/crti.o
[...]
Memory Configuration

Name             Origin             Length             Attributes
ROM              0x08000000         0x00040000         xr
RAM              0x20000000         0x00010000         xrw
*default*        0x00000000         0xffffffff

Linker script and memory map

LOAD c:/programming/embitz/embitz1_11/1.11/share/em_armgcc/bin/../lib/gcc/arm-none-eabi/5.4.1/armv7-m/crti.o
LOAD c:/programming/embitz/embitz1_11/1.11/share/em_armgcc/bin/../lib/gcc/arm-none-eabi/5.4.1/armv7-m/crtbegin.o
LOAD c:/programming/embitz/embitz1_11/1.11/share/em_armgcc/bin/../lib/gcc/arm-none-eabi/5.4.1/../../../../arm-none-eabi/lib/armv7-m/crt0.o
                0x00000000                __HEAP_SIZE = 0x0
                0x00000100                __STACK_SIZE = 0x100

.text           0x08000000     0x49fc
 *(.isr_vector)
 .isr_vector    0x08000000      0x150 obj\debug\src\startup_stm32f10x_cl.o
                0x08000000                __isr_vector
 *(.text*)
 .text          0x08000150       0x5c c:/programming/embitz/embitz1_11/1.11/share/em_armgcc/bin/../lib/gcc/arm-none-eabi/5.4.1/armv7-m/crtbegin.o
 .text          0x080001ac       0x74 c:/programming/embitz/embitz1_11/1.11/share/em_armgcc/bin/../lib/gcc/arm-none-eabi/5.4.1/../../../../arm-none-eabi/lib/armv7-m/crt0.o
                0x080001ac                _start
                0x080001ac                _mainCRTStartup
 .text.NVIC_PriorityGroupConfig
                0x08000220       0x24 obj\debug\spl\src\misc.o
                0x08000220                NVIC_PriorityGroupConfig
 .text.NVIC_Init
                0x08000244       0xc4 obj\debug\spl\src\misc.o
                0x08000244                NVIC_Init
 .text.CAN_DeInit
                0x08000308       0x48 obj\debug\spl\src\stm32f10x_can.o
                0x08000308                CAN_DeInit
 .text.CAN_Init
                0x08000350      0x1a0 obj\debug\spl\src\stm32f10x_can.o
                0x08000350                CAN_Init
 .text.CAN_FilterInit
                0x080004f0      0x174 obj\debug\spl\src\stm32f10x_can.o
                0x080004f0                CAN_FilterInit
 .text.CAN_StructInit
                0x08000664       0x54 obj\debug\spl\src\stm32f10x_can.o
                0x08000664                CAN_StructInit
 .text.CAN_DBGFreeze
                0x080006b8       0x38 obj\debug\spl\src\stm32f10x_can.o
                0x080006b8                CAN_DBGFreeze
 .text.CAN_Transmit
                0x080006f0      0x194 obj\debug\spl\src\stm32f10x_can.o
                0x080006f0                CAN_Transmit
 .text.CAN_Receive
                0x08000884      0x174 obj\debug\spl\src\stm32f10x_can.o
                0x08000884                CAN_Receive
 .text.CAN_ITConfig
                0x080009f8       0x3c obj\debug\spl\src\stm32f10x_can.o
                0x080009f8                CAN_ITConfig
 .text.CAN_ClearFlag
                0x08000a34       0x70 obj\debug\spl\src\stm32f10x_can.o
                0x08000a34                CAN_ClearFlag
 .text.CAN_ClearITPendingBit
                0x08000aa4       0xdc obj\debug\spl\src\stm32f10x_can.o
                0x08000aa4                CAN_ClearITPendingBit
 .text.EXTI_Init
                0x08000b80       0xe4 obj\debug\spl\src\stm32f10x_exti.o
                0x08000b80                EXTI_Init
 .text.EXTI_StructInit
                0x08000c64       0x2c obj\debug\spl\src\stm32f10x_exti.o
                0x08000c64                EXTI_StructInit
 .text.EXTI_GetITStatus
                0x08000c90       0x48 obj\debug\spl\src\stm32f10x_exti.o
                0x08000c90                EXTI_GetITStatus
 .text.EXTI_ClearITPendingBit
                0x08000cd8       0x1c obj\debug\spl\src\stm32f10x_exti.o
                0x08000cd8                EXTI_ClearITPendingBit
 .text.GPIO_Init
                0x08000cf4      0x178 obj\debug\spl\src\stm32f10x_gpio.o
                0x08000cf4                GPIO_Init
 .text.GPIO_WriteBit
                0x08000e6c       0x30 obj\debug\spl\src\stm32f10x_gpio.o
                0x08000e6c                GPIO_WriteBit
 .text.GPIO_PinRemapConfig
                0x08000e9c       0xe0 obj\debug\spl\src\stm32f10x_gpio.o
                0x08000e9c                GPIO_PinRemapConfig
 .text.GPIO_EXTILineConfig
                0x08000f7c       0x84 obj\debug\spl\src\stm32f10x_gpio.o
                0x08000f7c                GPIO_EXTILineConfig
 .text.RCC_GetClocksFreq
                0x08001000      0x1c8 obj\debug\spl\src\stm32f10x_rcc.o
                0x08001000                RCC_GetClocksFreq
 .text.RCC_APB2PeriphClockCmd
                0x080011c8       0x3c obj\debug\spl\src\stm32f10x_rcc.o
                0x080011c8                RCC_APB2PeriphClockCmd
 .text.RCC_APB1PeriphClockCmd
                0x08001204       0x3c obj\debug\spl\src\stm32f10x_rcc.o
                0x08001204                RCC_APB1PeriphClockCmd
 .text.RCC_APB1PeriphResetCmd
                0x08001240       0x3c obj\debug\spl\src\stm32f10x_rcc.o
                0x08001240                RCC_APB1PeriphResetCmd
 .text.TIM_TimeBaseInit
                0x0800127c       0xf8 obj\debug\spl\src\stm32f10x_tim.o
                0x0800127c                TIM_TimeBaseInit
 .text.TIM_TimeBaseStructInit
                0x08001374       0x34 obj\debug\spl\src\stm32f10x_tim.o
                0x08001374                TIM_TimeBaseStructInit
 .text.TIM_Cmd  0x080013a8       0x40 obj\debug\spl\src\stm32f10x_tim.o
                0x080013a8                TIM_Cmd
 .text.TIM_ITConfig
                0x080013e8       0x48 obj\debug\spl\src\stm32f10x_tim.o
                0x080013e8                TIM_ITConfig
 .text.TIM_SelectOnePulseMode
                0x08001430       0x38 obj\debug\spl\src\stm32f10x_tim.o
                0x08001430                TIM_SelectOnePulseMode
 .text.TIM_SetAutoreload
                0x08001468       0x1c obj\debug\spl\src\stm32f10x_tim.o
                0x08001468                TIM_SetAutoreload
 .text.TIM_ClearITPendingBit
                0x08001484       0x20 obj\debug\spl\src\stm32f10x_tim.o
                0x08001484                TIM_ClearITPendingBit
 .text.USART_Init
                0x080014a4      0x174 obj\debug\spl\src\stm32f10x_usart.o
                0x080014a4                USART_Init
 .text.USART_Cmd
                0x08001618       0x40 obj\debug\spl\src\stm32f10x_usart.o
                0x08001618                USART_Cmd
 .text.USART_ITConfig
                0x08001658       0x90 obj\debug\spl\src\stm32f10x_usart.o
                0x08001658                USART_ITConfig
 .text.USART_SendData
                0x080016e8       0x24 obj\debug\spl\src\stm32f10x_usart.o
                0x080016e8                USART_SendData
 .text.USART_ReceiveData
                0x0800170c       0x20 obj\debug\spl\src\stm32f10x_usart.o
                0x0800170c                USART_ReceiveData
 .text.USART_ClearITPendingBit
                0x0800172c       0x38 obj\debug\spl\src\stm32f10x_usart.o
                0x0800172c                USART_ClearITPendingBit
 .text.CAN_Init4Models
                0x08001764      0x188 obj\debug\src\can.o
                0x08001764                CAN_Init4Models
 .text.CAN_TransmitMsg
                0x080018ec       0x64 obj\debug\src\can.o
                0x080018ec                CAN_TransmitMsg
 .text.CAN_NMTConnect
                0x08001950       0x58 obj\debug\src\can.o
                0x08001950                CAN_NMTConnect
 .text.CAN1_RX0_IRQHandler
                0x080019a8       0x74 obj\debug\src\can.o
                0x080019a8                CAN1_RX0_IRQHandler
 .text.CAN1_RX1_IRQHandler
                0x08001a1c       0x34 obj\debug\src\can.o
                0x08001a1c                CAN1_RX1_IRQHandler
 .text.FS_SERVO_GpioInit
                0x08001a50        0xc obj\debug\src\farbsortierung.o
                0x08001a50                FS_SERVO_GpioInit
 .text.FS_SERVO_TimerInit
                0x08001a5c       0x54 obj\debug\src\farbsortierung.o
                0x08001a5c                FS_SERVO_TimerInit
 .text.FS_SERVO_IntInit
                0x08001ab0       0x3c obj\debug\src\farbsortierung.o
                0x08001ab0                FS_SERVO_IntInit
 .text.FS_SORT_GpioInit
                0x08001aec       0x4c obj\debug\src\farbsortierung.o
                0x08001aec                FS_SORT_GpioInit
 .text.FS_SORT_TimerInit
                0x08001b38       0x54 obj\debug\src\farbsortierung.o
                0x08001b38                FS_SORT_TimerInit
 .text.FS_SORT_UartInit
                0x08001b8c       0x4c obj\debug\src\farbsortierung.o
                0x08001b8c                FS_SORT_UartInit
 .text.FS_SORT_IntInit
                0x08001bd8       0x64 obj\debug\src\farbsortierung.o
                0x08001bd8                FS_SORT_IntInit
 .text.FS_KOM_GpioInit
                0x08001c3c       0x34 obj\debug\src\farbsortierung.o
                0x08001c3c                FS_KOM_GpioInit
 .text.FS_KOM_TimerInit
                0x08001c70       0x60 obj\debug\src\farbsortierung.o
                0x08001c70                FS_KOM_TimerInit
 .text.FS_KOM_IntInit
                0x08001cd0       0x84 obj\debug\src\farbsortierung.o
                0x08001cd0                FS_KOM_IntInit
 .text.FS_ENTLEER_Init
                0x08001d54       0x18 obj\debug\src\farbsortierung.o
                0x08001d54                FS_ENTLEER_Init
 .text.FS_ENTLEER_TimerInit
                0x08001d6c       0x40 obj\debug\src\farbsortierung.o
                0x08001d6c                FS_ENTLEER_TimerInit
 .text.FS_ENTLEER_IntInit
                0x08001dac       0x3c obj\debug\src\farbsortierung.o
                0x08001dac                FS_ENTLEER_IntInit
 .text.FS_GpioInit
                0x08001de8       0x14 obj\debug\src\farbsortierung.o
                0x08001de8                FS_GpioInit
 .text.FS_TimerInit
                0x08001dfc       0x18 obj\debug\src\farbsortierung.o
                0x08001dfc                FS_TimerInit
 .text.FS_UartInit
                0x08001e14        0xc obj\debug\src\farbsortierung.o
                0x08001e14                FS_UartInit
 .text.FS_IntInit
                0x08001e20       0x28 obj\debug\src\farbsortierung.o
                0x08001e20                FS_IntInit
 .text.FS_ProjectInit
                0x08001e48       0x2c obj\debug\src\farbsortierung.o
                0x08001e48                FS_ProjectInit
 .text.TFT_TextSetCursorPosition
                0x08001e74       0x38 obj\debug\src\font.o
                0x08001e74                TFT_TextSetCursorPosition
 .text.TFT_TextDrawPixel
                0x08001eac       0x2c obj\debug\src\font.o
                0x08001eac                TFT_TextDrawPixel
 .text.TFT_TextPutc
                0x08001ed8      0x110 obj\debug\src\font.o
                0x08001ed8                TFT_TextPutc
 .text.TFT_TextPuts
                0x08001fe8       0x98 obj\debug\src\font.o
                0x08001fe8                TFT_TextPuts
 .text.FS_ENTLEER_IsEntleerPos
                0x08002080       0x24 obj\debug\src\fs_entleerung.o
                0x08002080                FS_ENTLEER_IsEntleerPos
 .text.FS_ENTLEER_IsBOEndePos
                0x080020a4       0x24 obj\debug\src\fs_entleerung.o
                0x080020a4                FS_ENTLEER_IsBOEndePos
 .text.FS_ENTLEER_IsAnTurmUnten
                0x080020c8       0x24 obj\debug\src\fs_entleerung.o
                0x080020c8                FS_ENTLEER_IsAnTurmUnten
 .text.FS_ENTLEER_IsAnTurmOben
                0x080020ec       0x24 obj\debug\src\fs_entleerung.o
                0x080020ec                FS_ENTLEER_IsAnTurmOben
 .text.FS_ENTLEER_IsAnTurmBelegt
                0x08002110       0x24 obj\debug\src\fs_entleerung.o
                0x08002110                FS_ENTLEER_IsAnTurmBelegt
 .text.FS_ENTLEER_IsGreifarmOben
                0x08002134       0x24 obj\debug\src\fs_entleerung.o
                0x08002134                FS_ENTLEER_IsGreifarmOben
 .text.FS_ENTLEER_IsGreifarmUnten
                0x08002158       0x24 obj\debug\src\fs_entleerung.o
                0x08002158                FS_ENTLEER_IsGreifarmUnten
 .text.FS_ENTLEER_IsAbTurmUnten
                0x0800217c       0x24 obj\debug\src\fs_entleerung.o
                0x0800217c                FS_ENTLEER_IsAbTurmUnten
 .text.FS_ENTLEER_IsAbTurmOben
                0x080021a0       0x24 obj\debug\src\fs_entleerung.o
                0x080021a0                FS_ENTLEER_IsAbTurmOben
 .text.FS_ENTLEER_IsAbTurmBelegt
                0x080021c4       0x24 obj\debug\src\fs_entleerung.o
                0x080021c4                FS_ENTLEER_IsAbTurmBelegt
 .text.FS_ENTLEER_NewData
                0x080021e8       0x44 obj\debug\src\fs_entleerung.o
                0x080021e8                FS_ENTLEER_NewData
 .text.FS_ENTLEER_Tick
                0x0800222c      0x83c obj\debug\src\fs_entleerung.o
                0x0800222c                FS_ENTLEER_Tick
 .text.FS_SORT_IsInFrontOfMag1
                0x08002a68       0x24 obj\debug\src\fs_farbsortierung.o
                0x08002a68                FS_SORT_IsInFrontOfMag1
 .text.FS_SORT_IsInFrontOfMag2
                0x08002a8c       0x24 obj\debug\src\fs_farbsortierung.o
                0x08002a8c                FS_SORT_IsInFrontOfMag2
 .text.FS_SORT_IsInFrontOfMag3
                0x08002ab0       0x24 obj\debug\src\fs_farbsortierung.o
                0x08002ab0                FS_SORT_IsInFrontOfMag3
 .text.FS_SORT_ColorIsOrange
                0x08002ad4       0x24 obj\debug\src\fs_farbsortierung.o
                0x08002ad4                FS_SORT_ColorIsOrange
 .text.FS_SORT_ColorIsBlue
                0x08002af8       0x24 obj\debug\src\fs_farbsortierung.o
                0x08002af8                FS_SORT_ColorIsBlue
 .text.FS_SORT_ColorIsGreen
                0x08002b1c       0x24 obj\debug\src\fs_farbsortierung.o
                0x08002b1c                FS_SORT_ColorIsGreen
 .text.FS_SORT_NewData
                0x08002b40       0x30 obj\debug\src\fs_farbsortierung.o
                0x08002b40                FS_SORT_NewData
 .text.FS_SORT_Routine
                0x08002b70       0xb8 obj\debug\src\fs_farbsortierung.o
                0x08002b70                FS_SORT_Routine
 .text.FS_SORT_CloseStangen
                0x08002c28       0x2c obj\debug\src\fs_farbsortierung.o
                0x08002c28                FS_SORT_CloseStangen
 .text.FS_SORT_GetColor
                0x08002c54       0x34 obj\debug\src\fs_farbsortierung.o
                0x08002c54                FS_SORT_GetColor
 .text.FS_SORT_GetAmount
                0x08002c88       0x48 obj\debug\src\fs_farbsortierung.o
                0x08002c88                FS_SORT_GetAmount
 .text.FS_SORT_AddBall
                0x08002cd0       0x5c obj\debug\src\fs_farbsortierung.o
                0x08002cd0                FS_SORT_AddBall
 .text.FS_SORT_RemoveBall
                0x08002d2c       0x5c obj\debug\src\fs_farbsortierung.o
                0x08002d2c                FS_SORT_RemoveBall
 .text.FS_SORT_SetStartAmount
                0x08002d88       0xa4 obj\debug\src\fs_farbsortierung.o
                0x08002d88                FS_SORT_SetStartAmount
 .text.FS_SORT_GetOrder
                0x08002e2c       0xe0 obj\debug\src\fs_farbsortierung.o
                0x08002e2c                FS_SORT_GetOrder
 .text.FS_SORT_DeactivateLight
                0x08002f0c       0x28 obj\debug\src\fs_farbsortierung.o
                0x08002f0c                FS_SORT_DeactivateLight
 .text.FS_SORT_GetCurrentAmountOfOrderedBalls
                0x08002f34       0x48 obj\debug\src\fs_farbsortierung.o
                0x08002f34                FS_SORT_GetCurrentAmountOfOrderedBalls
 .text.FS_SORT_FirstOrderEmpty
                0x08002f7c       0x30 obj\debug\src\fs_farbsortierung.o
                0x08002f7c                FS_SORT_FirstOrderEmpty
 .text.FS_SORT_UpdateArray
                0x08002fac       0x50 obj\debug\src\fs_farbsortierung.o
                0x08002fac                FS_SORT_UpdateArray
 .text.FS_SORT_SendToPc
                0x08002ffc       0x24 obj\debug\src\fs_farbsortierung.o
                0x08002ffc                FS_SORT_SendToPc
 .text.FS_KOM_Init
                0x08003020       0x84 obj\debug\src\fs_kommissionierung.o
                0x08003020                FS_KOM_Init
 .text.FS_KOM_NewData
                0x080030a4       0x58 obj\debug\src\fs_kommissionierung.o
                0x080030a4                FS_KOM_NewData
 .text.FS_KOM_Routine
                0x080030fc      0x21c obj\debug\src\fs_kommissionierung.o
                0x080030fc                FS_KOM_Routine
 .text.FS_KOM_Schrittwahl
                0x08003318      0x2a0 obj\debug\src\fs_kommissionierung.o
                0x08003318                FS_KOM_Schrittwahl
 .text.FS_KOM_WRITE_Data
                0x080035b8      0x46c obj\debug\src\fs_kommissionierung.o
                0x080035b8                FS_KOM_WRITE_Data
 .text.FS_KOM_Auftrag
                0x08003a24      0x13c obj\debug\src\fs_kommissionierung.o
                0x08003a24                FS_KOM_Auftrag
 .text.FS_KOM_CHECK_RoutineCondition
                0x08003b60       0xc4 obj\debug\src\fs_kommissionierung.o
                0x08003b60                FS_KOM_CHECK_RoutineCondition
 .text.FS_KOM_CHECK_DI_BERO1
                0x08003c24       0x24 obj\debug\src\fs_kommissionierung.o
                0x08003c24                FS_KOM_CHECK_DI_BERO1
 .text.FS_KOM_CHECK_DI_BERO2
                0x08003c48       0x24 obj\debug\src\fs_kommissionierung.o
                0x08003c48                FS_KOM_CHECK_DI_BERO2
 .text.FS_KOM_CHECK_DI_BERO3
                0x08003c6c       0x24 obj\debug\src\fs_kommissionierung.o
                0x08003c6c                FS_KOM_CHECK_DI_BERO3
 .text.FS_KOM_CHECK_DI_BERO0
                0x08003c90       0x24 obj\debug\src\fs_kommissionierung.o
                0x08003c90                FS_KOM_CHECK_DI_BERO0
 .text.FS_KOM_CHECK_DI_REED1
                0x08003cb4       0x24 obj\debug\src\fs_kommissionierung.o
                0x08003cb4                FS_KOM_CHECK_DI_REED1
 .text.FS_KOM_CHECK_DI_REED2
                0x08003cd8       0x24 obj\debug\src\fs_kommissionierung.o
                0x08003cd8                FS_KOM_CHECK_DI_REED2
 .text.FS_KOM_ENABLE_DO_KuFrMag3
                0x08003cfc       0x20 obj\debug\src\fs_kommissionierung.o
                0x08003cfc                FS_KOM_ENABLE_DO_KuFrMag3
 .text.FS_KOM_ENABLE_DO_KuFrMag2
                0x08003d1c       0x20 obj\debug\src\fs_kommissionierung.o
                0x08003d1c                FS_KOM_ENABLE_DO_KuFrMag2
 .text.FS_KOM_ENABLE_DO_KuFrMag1
                0x08003d3c       0x20 obj\debug\src\fs_kommissionierung.o
                0x08003d3c                FS_KOM_ENABLE_DO_KuFrMag1
 .text.FS_KOM_ENABLE_DO_VerMag3
                0x08003d5c       0x24 obj\debug\src\fs_kommissionierung.o
                0x08003d5c                FS_KOM_ENABLE_DO_VerMag3
 .text.FS_KOM_ENABLE_DO_VerMag2
                0x08003d80       0x20 obj\debug\src\fs_kommissionierung.o
                0x08003d80                FS_KOM_ENABLE_DO_VerMag2
 .text.FS_KOM_ENABLE_DO_VerMag1
                0x08003da0       0x20 obj\debug\src\fs_kommissionierung.o
                0x08003da0                FS_KOM_ENABLE_DO_VerMag1
 .text.FS_KOM_ENABLE_DO_BAND_Xplus
                0x08003dc0       0x20 obj\debug\src\fs_kommissionierung.o
                0x08003dc0                FS_KOM_ENABLE_DO_BAND_Xplus
 .text.FS_KOM_ENABLE_DO_IBAND_Xplus
                0x08003de0       0x20 obj\debug\src\fs_kommissionierung.o
                0x08003de0                FS_KOM_ENABLE_DO_IBAND_Xplus
 .text.FS_Servo_init
                0x08003e00       0xb4 obj\debug\src\fs_servomotor.o
                0x08003e00                FS_Servo_init
 .text.FS_SERVO_BeroActive
                0x08003eb4       0x24 obj\debug\src\fs_servomotor.o
                0x08003eb4                FS_SERVO_BeroActive
 .text.FS_SERVO_IsRefPressed
                0x08003ed8       0x24 obj\debug\src\fs_servomotor.o
                0x08003ed8                FS_SERVO_IsRefPressed
 .text.FS_SERVO_IncAChanged
                0x08003efc       0x24 obj\debug\src\fs_servomotor.o
                0x08003efc                FS_SERVO_IncAChanged
 .text.FS_SERVO_NewData
                0x08003f20       0x4c obj\debug\src\fs_servomotor.o
                0x08003f20                FS_SERVO_NewData
 .text.FS_SERVO_controlMotor
                0x08003f6c       0x50 obj\debug\src\fs_servomotor.o
                0x08003f6c                FS_SERVO_controlMotor
 .text.FS_SERVO_conveyorMovement
                0x08003fbc       0x44 obj\debug\src\fs_servomotor.o
                0x08003fbc                FS_SERVO_conveyorMovement
 .text.FS_SERVO_Routine
                0x08004000      0x2c0 obj\debug\src\fs_servomotor.o
                0x08004000                FS_SERVO_Routine
 .text.TFT_Write8bitToPort
                0x080042c0       0x38 obj\debug\src\ili9341_buscycles.o
                0x080042c0                TFT_Write8bitToPort
 .text.TFT_StartCycle
                0x080042f8       0x18 obj\debug\src\ili9341_buscycles.o
                0x080042f8                TFT_StartCycle
 .text.TFT_EndCycle
                0x08004310       0x18 obj\debug\src\ili9341_buscycles.o
                0x08004310                TFT_EndCycle
 .text.TFT_SetOutput
                0x08004328       0x18 obj\debug\src\ili9341_buscycles.o
                0x08004328                TFT_SetOutput
 .text.TFT_IsOutput
                0x08004340       0x20 obj\debug\src\ili9341_buscycles.o
                0x08004340                TFT_IsOutput
 .text.TFT_WriteCmd
                0x08004360       0x54 obj\debug\src\ili9341_buscycles.o
                0x08004360                TFT_WriteCmd
 .text.TFT_WriteData
                0x080043b4       0x40 obj\debug\src\ili9341_buscycles.o
                0x080043b4                TFT_WriteData
 .text.TFT_HEIGHT
                0x080043f4       0x10 obj\debug\src\ili9341_cmddriver.o
                0x080043f4                TFT_HEIGHT
 .text.TFT_ColumnAddressSet
                0x08004404       0x58 obj\debug\src\ili9341_cmddriver.o
                0x08004404                TFT_ColumnAddressSet
 .text.TFT_PageAddressSet
                0x0800445c       0x58 obj\debug\src\ili9341_cmddriver.o
                0x0800445c                TFT_PageAddressSet
 .text.TFT_MemoryWrite
                0x080044b4       0x5c obj\debug\src\ili9341_cmddriver.o
                0x080044b4                TFT_MemoryWrite
 .text.ProjectInit
                0x08004510        0xc obj\debug\src\init.o
                0x08004510                ProjectInit
 .text.TIM2_IRQHandler
                0x0800451c       0x1c obj\debug\src\isr.o
                0x0800451c                TIM2_IRQHandler
 .text.TIM3_IRQHandler
                0x08004538       0x1c obj\debug\src\isr.o
                0x08004538                TIM3_IRQHandler
 .text.TIM4_IRQHandler
                0x08004554       0x28 obj\debug\src\isr.o
                0x08004554                TIM4_IRQHandler
 .text.TIM6_IRQHandler
                0x0800457c       0x1c obj\debug\src\isr.o
                0x0800457c                TIM6_IRQHandler
 .text.USART1_IRQHandler
                0x08004598       0x58 obj\debug\src\isr.o
                0x08004598                USART1_IRQHandler
 .text.EXTI15_10_IRQHandler
                0x080045f0       0x6c obj\debug\src\isr.o
                0x080045f0                EXTI15_10_IRQHandler
 .text.main     0x0800465c       0x44 obj\debug\src\main.o
                0x0800465c                main
 .text          0x080046a0       0xdc obj\debug\src\startup_stm32f10x_cl.o
                0x080046a0                Reset_Handler
                0x080046e6                NMI_Handler
                0x080046e8                HardFault_Handler
                0x080046ea                MemManage_Handler
                0x080046ec                BusFault_Handler
                0x080046ee                UsageFault_Handler
                0x080046f0                SVC_Handler
                0x080046f2                DebugMon_Handler
                0x080046f4                PendSV_Handler
                0x080046f6                SysTick_Handler
                0x080046f8                Default_Handler
                0x080046fa                WWDG_IRQHandler
                0x080046fc                PVD_IRQHandler
                0x080046fe                TAMPER_IRQHandler
                0x08004700                RTC_IRQHandler
                0x08004702                FLASH_IRQHandler
                0x08004704                RCC_IRQHandler
                0x08004706                EXTI0_IRQHandler
                0x08004708                EXTI1_IRQHandler
                0x0800470a                EXTI2_IRQHandler
                0x0800470c                EXTI3_IRQHandler
                0x0800470e                EXTI4_IRQHandler
                0x08004710                DMA1_Channel1_IRQHandler
                0x08004712                DMA1_Channel2_IRQHandler
                0x08004714                DMA1_Channel3_IRQHandler
                0x08004716                DMA1_Channel4_IRQHandler
                0x08004718                DMA1_Channel5_IRQHandler
                0x0800471a                DMA1_Channel6_IRQHandler
                0x0800471c                DMA1_Channel7_IRQHandler
                0x0800471e                ADC1_2_IRQHandler
                0x08004720                CAN1_TX_IRQHandler
                0x08004726                CAN1_SCE_IRQHandler
                0x08004728                EXTI9_5_IRQHandler
                0x0800472a                TIM1_BRK_IRQHandler
                0x0800472c                TIM1_UP_IRQHandler
                0x0800472e                TIM1_TRG_COM_IRQHandler
                0x08004730                TIM1_CC_IRQHandler
                0x08004738                I2C1_EV_IRQHandler
                0x0800473a                I2C1_ER_IRQHandler
                0x0800473c                I2C2_EV_IRQHandler
                0x0800473e                I2C2_ER_IRQHandler
                0x08004740                SPI1_IRQHandler
                0x08004742                SPI2_IRQHandler
                0x08004746                USART2_IRQHandler
                0x08004748                USART3_IRQHandler
                0x0800474c                RTCAlarm_IRQHandler
                0x0800474e                OTG_FS_WKUP_IRQHandler
                0x08004750                TIM5_IRQHandler
                0x08004752                SPI3_IRQHandler
                0x08004754                UART4_IRQHandler
                0x08004756                UART5_IRQHandler
                0x0800475a                TIM7_IRQHandler
                0x0800475c                DMA2_Channel1_IRQHandler
                0x0800475e                DMA2_Channel2_IRQHandler
                0x08004760                DMA2_Channel3_IRQHandler
                0x08004762                DMA2_Channel4_IRQHandler
                0x08004764                DMA2_Channel5_IRQHandler
                0x08004766                ETH_IRQHandler
                0x08004768                ETH_WKUP_IRQHandler
                0x0800476a                CAN2_TX_IRQHandler
                0x0800476c                CAN2_RX0_IRQHandler
                0x0800476e                CAN2_RX1_IRQHandler
                0x08004770                CAN2_SCE_IRQHandler
                0x08004772                OTG_FS_IRQHandler
 .text.SystemInit
                0x0800477c       0x7c obj\debug\src\system_stm32f10x.o
                0x0800477c                SystemInit
 .text.SetSysClock
                0x080047f8        0xc obj\debug\src\system_stm32f10x.o
 .text.SetSysClockTo72
                0x08004804      0x138 obj\debug\src\system_stm32f10x.o
 .text.exit     0x0800493c       0x28 c:/programming/embitz/embitz1_11/1.11/share/em_armgcc/bin/../lib/gcc/arm-none-eabi/5.4.1/../../../../arm-none-eabi/lib/armv7-m\libg_n.a(lib_a-exit.o)
                0x0800493c                exit
 .text.__libc_init_array
                0x08004964       0x4c c:/programming/embitz/embitz1_11/1.11/share/em_armgcc/bin/../lib/gcc/arm-none-eabi/5.4.1/../../../../arm-none-eabi/lib/armv7-m\libg_n.a(lib_a-init.o)
                0x08004964                __libc_init_array
 .text.memset   0x080049b0       0x10 c:/programming/embitz/embitz1_11/1.11/share/em_armgcc/bin/../lib/gcc/arm-none-eabi/5.4.1/../../../../arm-none-eabi/lib/armv7-m\libg_n.a(lib_a-memset.o)
                0x080049b0                memset
 .text._exit    0x080049c0        0x2 c:/programming/embitz/embitz1_11/1.11/share/em_armgcc/bin/../lib/gcc/arm-none-eabi/5.4.1/../../../../arm-none-eabi/lib/armv7-m\libnosys_s.a(_exit.o)
                0x080049c0                _exit
 *(.init)
 *fill*         0x080049c2        0x2 
 .init          0x080049c4        0x4 c:/programming/embitz/embitz1_11/1.11/share/em_armgcc/bin/../lib/gcc/arm-none-eabi/5.4.1/armv7-m/crti.o
                0x080049c4                _init
 .init          0x080049c8        0x8 c:/programming/embitz/embitz1_11/1.11/share/em_armgcc/bin/../lib/gcc/arm-none-eabi/5.4.1/armv7-m/crtn.o
 *(.fini)
 .fini          0x080049d0        0x4 c:/programming/embitz/embitz1_11/1.11/share/em_armgcc/bin/../lib/gcc/arm-none-eabi/5.4.1/armv7-m/crti.o
                0x080049d0                _fini
 .fini          0x080049d4        0x8 c:/programming/embitz/embitz1_11/1.11/share/em_armgcc/bin/../lib/gcc/arm-none-eabi/5.4.1/armv7-m/crtn.o
 *crtbegin.o(.ctors)
 *crtbegin?.o(.ctors)
 *(EXCLUDE_FILE(*crtend.o *crtend?.o) .ctors)
 *(SORT(.ctors.*))
 *(.ctors)
 *crtbegin.o(.dtors)
 *crtbegin?.o(.dtors)
 *(EXCLUDE_FILE(*crtend.o *crtend?.o) .dtors)
 *(SORT(.dtors.*))
 *(.dtors)
 *(.rodata*)
 .rodata        0x080049dc       0x16 obj\debug\src\can.o
 .rodata.str1.1
                0x080049f2        0x2 c:/programming/embitz/embitz1_11/1.11/share/em_armgcc/bin/../lib/gcc/arm-none-eabi/5.4.1/../../../../arm-none-eabi/lib/armv7-m\libg_n.a(lib_a-impure.o)
 .rodata._global_impure_ptr
                0x080049f4        0x4 c:/programming/embitz/embitz1_11/1.11/share/em_armgcc/bin/../lib/gcc/arm-none-eabi/5.4.1/../../../../arm-none-eabi/lib/armv7-m\libg_n.a(lib_a-impure.o)
                0x080049f4                _global_impure_ptr
 *(.eh_frame*)
 .eh_frame      0x080049f8        0x0 c:/programming/embitz/embitz1_11/1.11/share/em_armgcc/bin/../lib/gcc/arm-none-eabi/5.4.1/armv7-m/crtbegin.o
 .eh_frame      0x080049f8        0x4 c:/programming/embitz/embitz1_11/1.11/share/em_armgcc/bin/../lib/gcc/arm-none-eabi/5.4.1/armv7-m/crtend.o

.glue_7         0x080049fc        0x0
 .glue_7        0x080049fc        0x0 linker stubs

.glue_7t        0x080049fc        0x0
 .glue_7t       0x080049fc        0x0 linker stubs

.vfp11_veneer   0x080049fc        0x0
 .vfp11_veneer  0x080049fc        0x0 linker stubs

.v4_bx          0x080049fc        0x0
 .v4_bx         0x080049fc        0x0 linker stubs

.iplt           0x080049fc        0x0
 .iplt          0x080049fc        0x0 c:/programming/embitz/embitz1_11/1.11/share/em_armgcc/bin/../lib/gcc/arm-none-eabi/5.4.1/armv7-m/crtbegin.o

.ARM.extab
 *(.ARM.extab* .gnu.linkonce.armextab.*)
                0x080049fc                __exidx_start = .

.ARM.exidx      0x080049fc        0x8
 *(.ARM.exidx* .gnu.linkonce.armexidx.*)
 .ARM.exidx     0x080049fc        0x8 c:/programming/embitz/embitz1_11/1.11/share/em_armgcc/bin/../lib/gcc/arm-none-eabi/5.4.1/../../../../arm-none-eabi/lib/armv7-m/crt0.o
                0x08004a04                __exidx_end = .
                0x08004a04                __etext = .

.rel.dyn        0x08004a04        0x0
 .rel.iplt      0x08004a04        0x0 c:/programming/embitz/embitz1_11/1.11/share/em_armgcc/bin/../lib/gcc/arm-none-eabi/5.4.1/armv7-m/crtbegin.o

.data           0x20000000       0x84 load address 0x08004a04
                0x20000000                __data_start__ = .
 *(vtable)
 *(.data*)
 .data.APBAHBPrescTable
                0x20000000       0x10 obj\debug\spl\src\stm32f10x_rcc.o
 .data.ADCPrescTable
                0x20000010        0x4 obj\debug\spl\src\stm32f10x_rcc.o
 .data.FS_ENTLEER_CAN_ToSend_prev.8689
                0x20000014        0x2 obj\debug\src\fs_entleerung.o
 .data.FS_SORT_AmountOfOrangeBalls
                0x20000016        0x1 obj\debug\src\fs_farbsortierung.o
 .data.FS_SORT_AmountOfBlueBalls
                0x20000017        0x1 obj\debug\src\fs_farbsortierung.o
 .data.FS_SORT_AmountOfGreenBalls
                0x20000018        0x1 obj\debug\src\fs_farbsortierung.o
 .data.FirstScan
                0x20000019        0x1 obj\debug\src\fs_kommissionierung.o
 *fill*         0x2000001a        0x2 
 .data.impure_data
                0x2000001c       0x60 c:/programming/embitz/embitz1_11/1.11/share/em_armgcc/bin/../lib/gcc/arm-none-eabi/5.4.1/../../../../arm-none-eabi/lib/armv7-m\libg_n.a(lib_a-impure.o)
                0x2000007c                . = ALIGN (0x4)
                0x2000007c                PROVIDE (__preinit_array_start, .)
 *(.preinit_array)
                0x2000007c                PROVIDE (__preinit_array_end, .)
                0x2000007c                . = ALIGN (0x4)
                0x2000007c                PROVIDE (__init_array_start, .)
 *(SORT(.init_array.*))
 *(.init_array)
 .init_array    0x2000007c        0x4 c:/programming/embitz/embitz1_11/1.11/share/em_armgcc/bin/../lib/gcc/arm-none-eabi/5.4.1/armv7-m/crtbegin.o
                0x20000080                PROVIDE (__init_array_end, .)
                0x20000080                . = ALIGN (0x4)
                [!provide]                PROVIDE (__fini_array_start, .)
 *(SORT(.fini_array.*))
 *(.fini_array)
 .fini_array    0x20000080        0x4 c:/programming/embitz/embitz1_11/1.11/share/em_armgcc/bin/../lib/gcc/arm-none-eabi/5.4.1/armv7-m/crtbegin.o
                [!provide]                PROVIDE (__fini_array_end, .)
                0x20000084                . = ALIGN (0x4)
                0x20000084                __data_end__ = .

.jcr            0x20000084        0x0 load address 0x08004a88
 .jcr           0x20000084        0x0 c:/programming/embitz/embitz1_11/1.11/share/em_armgcc/bin/../lib/gcc/arm-none-eabi/5.4.1/armv7-m/crtbegin.o

.igot.plt       0x20000084        0x0 load address 0x08004a88
 .igot.plt      0x20000084        0x0 c:/programming/embitz/embitz1_11/1.11/share/em_armgcc/bin/../lib/gcc/arm-none-eabi/5.4.1/armv7-m/crtbegin.o

.bss            0x20000084       0xa2 load address 0x08004a88
                0x20000084                __bss_start__ = .
 *(.bss*)
 .bss           0x20000084       0x1c c:/programming/embitz/embitz1_11/1.11/share/em_armgcc/bin/../lib/gcc/arm-none-eabi/5.4.1/armv7-m/crtbegin.o
 .bss.mX        0x200000a0        0x2 obj\debug\src\font.o
                0x200000a0                mX
 .bss.mY        0x200000a2        0x2 obj\debug\src\font.o
                0x200000a2                mY
 .bss.FS_ENTLEER_DI_INData
                0x200000a4        0x2 obj\debug\src\fs_entleerung.o
 .bss.FS_ENTLEER_CAN_ToSend.8688
                0x200000a6        0x2 obj\debug\src\fs_entleerung.o
 .bss.FS_ENTLEER_AnturmSchritt.8693
                0x200000a8        0x1 obj\debug\src\fs_entleerung.o
 .bss.FS_ENTLEER_ANTURM_AbgabeBereit.8697
                0x200000a9        0x1 obj\debug\src\fs_entleerung.o
 .bss.FS_ENTLEER_BAND_OBEN_AnnahmeBereit.8698
                0x200000aa        0x1 obj\debug\src\fs_entleerung.o
 .bss.FS_ENTLEER_BAND_OBEN_BlockErhalten.8699
                0x200000ab        0x1 obj\debug\src\fs_entleerung.o
 .bss.FS_ENTLEER_AbturmSchritt.8695
                0x200000ac        0x1 obj\debug\src\fs_entleerung.o
 .bss.FS_ENTLEER_ABTURM_AnnahmeBereit.8701
                0x200000ad        0x1 obj\debug\src\fs_entleerung.o
 .bss.FS_ENTLEER_BAND_OBEN_AbgabeBereit.8700
                0x200000ae        0x1 obj\debug\src\fs_entleerung.o
 .bss.FS_ENTLEER_ABTURM_BlockErhalten.8702
                0x200000af        0x1 obj\debug\src\fs_entleerung.o
 .bss.FS_ENTLEER_BandObenSchritt.8694
                0x200000b0        0x1 obj\debug\src\fs_entleerung.o
 .bss.FS_ENTLEER_GreifarmSchritt.8696
                0x200000b1        0x1 obj\debug\src\fs_entleerung.o
 .bss.FS_ENTLEER_BAND_OBEN_ANNAHME.8691
                0x200000b2        0x1 obj\debug\src\fs_entleerung.o
 .bss.FS_ENTLEER_GreifarmAktiv.8690
                0x200000b3        0x1 obj\debug\src\fs_entleerung.o
 .bss.FS_ENTLEER_BAND_OBEN_ABGABE.8692
                0x200000b4        0x1 obj\debug\src\fs_entleerung.o
 *fill*         0x200000b5        0x3 
 .bss.FS_ENTLEER_CAN_ToSend_Array.8687
                0x200000b8        0x2 obj\debug\src\fs_entleerung.o
 *fill*         0x200000ba        0x2 
 .bss.FS_SORT_InData
                0x200000bc        0x1 obj\debug\src\fs_farbsortierung.o
 *fill*         0x200000bd        0x3 
 .bss.FS_SORT_OutData
                0x200000c0        0x1 obj\debug\src\fs_farbsortierung.o
 .bss.FS_SORT_Color
                0x200000c1        0x1 obj\debug\src\fs_farbsortierung.o
 *fill*         0x200000c2        0x2 
 .bss.FS_SORT_OrderArray
                0x200000c4        0x9 obj\debug\src\fs_farbsortierung.o
 .bss.FS_SORT_CurrentAmountOfOrders
                0x200000cd        0x1 obj\debug\src\fs_farbsortierung.o
 *fill*         0x200000ce        0x2 
 .bss.FS_KOM_DI_INData
                0x200000d0        0x2 obj\debug\src\fs_kommissionierung.o
 .bss.Farbe12   0x200000d2        0x1 obj\debug\src\fs_kommissionierung.o
 .bss.Farbe22   0x200000d3        0x1 obj\debug\src\fs_kommissionierung.o
 .bss.Farbe32   0x200000d4        0x1 obj\debug\src\fs_kommissionierung.o
 .bss.TransitionFill1toMoveto2
                0x200000d5        0x1 obj\debug\src\fs_kommissionierung.o
 .bss.Farbe1.8648
                0x200000d6        0x1 obj\debug\src\fs_kommissionierung.o
 .bss.Farbe2.8649
                0x200000d7        0x1 obj\debug\src\fs_kommissionierung.o
 .bss.Farbe3.8650
                0x200000d8        0x1 obj\debug\src\fs_kommissionierung.o
 .bss.Zahl.8647
                0x200000d9        0x1 obj\debug\src\fs_kommissionierung.o
 .bss.Overflow.8646
                0x200000da        0x1 obj\debug\src\fs_kommissionierung.o
 .bss.Zahlprev.8654
                0x200000db        0x1 obj\debug\src\fs_kommissionierung.o
 .bss.Overflow.8660
                0x200000dc        0x1 obj\debug\src\fs_kommissionierung.o
 .bss.Wait.8671
                0x200000dd        0x1 obj\debug\src\fs_kommissionierung.o
 .bss.ColorsChecked.8681
                0x200000de        0x1 obj\debug\src\fs_kommissionierung.o
 .bss.FS_KOM_Timer_prev.8680
                0x200000df        0x1 obj\debug\src\fs_kommissionierung.o
 .bss.prev.8715
                0x200000e0        0x1 obj\debug\src\fs_kommissionierung.o
 *(COMMON)
 *fill*         0x200000e1        0x3 
 COMMON         0x200000e4       0x21 obj\debug\src\can.o
                0x200000e4                conveyorDirectionPrev
                0x200000e5                flagOnholdTransmit
                0x200000e6                FS_KOM_NEWTelegram
                0x200000e7                conveyorDirection
                0x200000e8                flagRequestTransmitNMT
                0x200000e9                FS_SERVO_arrived
                0x200000ea                FS_SERVO_blockReady
                0x200000eb                FS_KOM_Timer
                0x200000ec                FS_KOM_Block_Waiting
                0x200000ed                direction
                0x200000ee                FS_ENTLEER_CAN_Received
                0x200000f0                counterA
                0x200000f2                FS_KOM_Ready_to_take_Block
                0x200000f3                FS_SORT_isOrder
                0x200000f4                FS_KOM_Schritt
                0x200000f5                FS_ENTLEER_ANTURM_BLOCK_ERHALTEN
                0x200000f6                FS_SCHRITT_BLOCK_ERHALTEN
                0x200000f7                FS_ENTLEER_ABTURM_ABGABEBEREIT
                0x200000f8                prevDirection
                0x200000f9                FS_SORT_ZYLINDER_start
                0x200000fa                FS_KOM_Ready_to_give_Block
                0x200000fb                FS_ENTLEER_ExtraTickRequest
                0x200000fc                step
                0x200000fd                FS_ENTLEER_ANTURM_ANNAHMEBEREIT
                0x200000fe                FS_Vorgaenger
                0x200000ff                FS_SERVO_timerDone
                0x20000100                FS_SERVO_InData
                0x20000101                FS_SCHRITT_ANNAHMEBEREIT
                0x20000102                flagRequestTransmitPL
                0x20000103                FS_SERVO_setTimer
                0x20000104                FS_ENTLEER_CAN_NewTelegramReceived
 *fill*         0x20000105        0x3 
 COMMON         0x20000108       0x18 obj\debug\src\font.o
                0x20000108                Font_16x26
                0x20000110                Font_7x10
                0x20000118                Font_11x18
 COMMON         0x20000120        0x4 obj\debug\src\fs_entleerung.o
                0x20000120                FS_ENTLEER_ABTURM_Tick
                0x20000121                FS_ENTLEER_ANTURM_Tick
                0x20000122                FS_ENTLEER_GREIFARM_Tick
                0x20000123                FS_ENTLEER_BAND_OBEN_Tick
 COMMON         0x20000124        0x2 obj\debug\src\isr.o
                0x20000124                FS_SORT_UartRxData
                0x20000126                __bss_end__ = .

.heap           0x20000128        0x0
                0x20000128                __end__ = .
                0x20000128                end = __end__
 *(.heap*)
 .heap          0x20000128        0x0 obj\debug\src\startup_stm32f10x_cl.o
                0x20000128                __HeapLimit = .

.stack_dummy    0x20000128      0x100
 *(.stack)
 .stack         0x20000128      0x100 obj\debug\src\startup_stm32f10x_cl.o
                0x20010000                __StackTop = (ORIGIN (RAM) + LENGTH (RAM))
                0x2000ff00                __StackLimit = (__StackTop - SIZEOF (.stack_dummy))
                0x20010000                PROVIDE (__stack, __StackTop)
                0x00000001                ASSERT ((__StackLimit >= __HeapLimit), region RAM overflowed with stack)
LOAD obj\debug\spl\src\misc.o
LOAD obj\debug\spl\src\stm32f10x_adc.o
LOAD obj\debug\spl\src\stm32f10x_bkp.o
LOAD obj\debug\spl\src\stm32f10x_can.o
LOAD obj\debug\spl\src\stm32f10x_cec.o
LOAD obj\debug\spl\src\stm32f10x_crc.o
LOAD obj\debug\spl\src\stm32f10x_dac.o
LOAD obj\debug\spl\src\stm32f10x_dbgmcu.o
LOAD obj\debug\spl\src\stm32f10x_dma.o
LOAD obj\debug\spl\src\stm32f10x_exti.o
LOAD obj\debug\spl\src\stm32f10x_flash.o
LOAD obj\debug\spl\src\stm32f10x_fsmc.o
LOAD obj\debug\spl\src\stm32f10x_gpio.o
LOAD obj\debug\spl\src\stm32f10x_i2c.o
LOAD obj\debug\spl\src\stm32f10x_iwdg.o
LOAD obj\debug\spl\src\stm32f10x_pwr.o
LOAD obj\debug\spl\src\stm32f10x_rcc.o
LOAD obj\debug\spl\src\stm32f10x_rtc.o
LOAD obj\debug\spl\src\stm32f10x_sdio.o
LOAD obj\debug\spl\src\stm32f10x_spi.o
LOAD obj\debug\spl\src\stm32f10x_tim.o
LOAD obj\debug\spl\src\stm32f10x_usart.o
LOAD obj\debug\spl\src\stm32f10x_wwdg.o
LOAD obj\debug\src\can.o
LOAD obj\debug\src\farbsortierung.o
LOAD obj\debug\src\font.o
LOAD obj\debug\src\fs_entleerung.o
LOAD obj\debug\src\fs_farbsortierung.o
LOAD obj\debug\src\fs_kommissionierung.o
LOAD obj\debug\src\fs_servomotor.o
LOAD obj\debug\src\ili9341_buscycles.o
LOAD obj\debug\src\ili9341_cmddriver.o
LOAD obj\debug\src\init.o
LOAD obj\debug\src\isr.o
LOAD obj\debug\src\main.o
LOAD obj\debug\src\simmodel.o
LOAD obj\debug\src\startup_stm32f10x_cl.o
LOAD obj\debug\src\system_stm32f10x.o
START GROUP
LOAD c:/programming/embitz/embitz1_11/1.11/share/em_armgcc/bin/../lib/gcc/arm-none-eabi/5.4.1/armv7-m\libgcc.a
LOAD c:/programming/embitz/embitz1_11/1.11/share/em_armgcc/bin/../lib/gcc/arm-none-eabi/5.4.1/../../../../arm-none-eabi/lib/armv7-m\libg_n.a
LOAD c:/programming/embitz/embitz1_11/1.11/share/em_armgcc/bin/../lib/gcc/arm-none-eabi/5.4.1/../../../../arm-none-eabi/lib/armv7-m\libc_n.a
END GROUP
START GROUP
LOAD c:/programming/embitz/embitz1_11/1.11/share/em_armgcc/bin/../lib/gcc/arm-none-eabi/5.4.1/armv7-m\libgcc.a
LOAD c:/programming/embitz/embitz1_11/1.11/share/em_armgcc/bin/../lib/gcc/arm-none-eabi/5.4.1/../../../../arm-none-eabi/lib/armv7-m\libc_n.a
LOAD c:/programming/embitz/embitz1_11/1.11/share/em_armgcc/bin/../lib/gcc/arm-none-eabi/5.4.1/../../../../arm-none-eabi/lib/armv7-m\libnosys_s.a
END GROUP
LOAD c:/programming/embitz/embitz1_11/1.11/share/em_armgcc/bin/../lib/gcc/arm-none-eabi/5.4.1/armv7-m/crtend.o
LOAD c:/programming/embitz/embitz1_11/1.11/share/em_armgcc/bin/../lib/gcc/arm-none-eabi/5.4.1/armv7-m/crtn.o
OUTPUT(bin\Debug\00_EmBitzFrame.elf elf32-littlearm)

.ARM.attributes
                0x00000000       0x29
 .ARM.attributes
                0x00000000       0x1d c:/programming/embitz/embitz1_11/1.11/share/em_armgcc/bin/../lib/gcc/arm-none-eabi/5.4.1/armv7-m/crti.o
 .ARM.attributes
                0x0000001d       0x2d c:/programming/embitz/embitz1_11/1.11/share/em_armgcc/bin/../lib/gcc/arm-none-eabi/5.4.1/armv7-m/crtbegin.o
 .ARM.attributes
                0x0000004a       0x1b c:/programming/embitz/embitz1_11/1.11/share/em_armgcc/bin/../lib/gcc/arm-none-eabi/5.4.1/../../../../arm-none-eabi/lib/armv7-m/crt0.o
 .ARM.attributes
                0x00000065       0x33 obj\debug\spl\src\misc.o
 .ARM.attributes
                0x00000098       0x33 obj\debug\spl\src\stm32f10x_can.o
 .ARM.attributes
                0x000000cb       0x33 obj\debug\spl\src\stm32f10x_exti.o
 .ARM.attributes
                0x000000fe       0x33 obj\debug\spl\src\stm32f10x_gpio.o
 .ARM.attributes
                0x00000131       0x33 obj\debug\spl\src\stm32f10x_rcc.o
 .ARM.attributes
                0x00000164       0x33 obj\debug\spl\src\stm32f10x_tim.o
 .ARM.attributes
                0x00000197       0x33 obj\debug\spl\src\stm32f10x_usart.o
 .ARM.attributes
                0x000001ca       0x33 obj\debug\src\can.o
 .ARM.attributes
                0x000001fd       0x33 obj\debug\src\farbsortierung.o
 .ARM.attributes
                0x00000230       0x33 obj\debug\src\font.o
 .ARM.attributes
                0x00000263       0x33 obj\debug\src\fs_entleerung.o
 .ARM.attributes
                0x00000296       0x33 obj\debug\src\fs_farbsortierung.o
 .ARM.attributes
                0x000002c9       0x33 obj\debug\src\fs_kommissionierung.o
 .ARM.attributes
                0x000002fc       0x33 obj\debug\src\fs_servomotor.o
 .ARM.attributes
                0x0000032f       0x33 obj\debug\src\ili9341_buscycles.o
 .ARM.attributes
                0x00000362       0x33 obj\debug\src\ili9341_cmddriver.o
 .ARM.attributes
                0x00000395       0x33 obj\debug\src\init.o
 .ARM.attributes
                0x000003c8       0x33 obj\debug\src\isr.o
 .ARM.attributes
                0x000003fb       0x33 obj\debug\src\main.o
 .ARM.attributes
                0x0000042e       0x1b obj\debug\src\startup_stm32f10x_cl.o
 .ARM.attributes
                0x00000449       0x33 obj\debug\src\system_stm32f10x.o
 .ARM.attributes
                0x0000047c       0x2d c:/programming/embitz/embitz1_11/1.11/share/em_armgcc/bin/../lib/gcc/arm-none-eabi/5.4.1/../../../../arm-none-eabi/lib/armv7-m\libg_n.a(lib_a-exit.o)
 .ARM.attributes
                0x000004a9       0x2d c:/programming/embitz/embitz1_11/1.11/share/em_armgcc/bin/../lib/gcc/arm-none-eabi/5.4.1/../../../../arm-none-eabi/lib/armv7-m\libg_n.a(lib_a-impure.o)
 .ARM.attributes
                0x000004d6       0x2d c:/programming/embitz/embitz1_11/1.11/share/em_armgcc/bin/../lib/gcc/arm-none-eabi/5.4.1/../../../../arm-none-eabi/lib/armv7-m\libg_n.a(lib_a-init.o)
 .ARM.attributes
                0x00000503       0x2d c:/programming/embitz/embitz1_11/1.11/share/em_armgcc/bin/../lib/gcc/arm-none-eabi/5.4.1/../../../../arm-none-eabi/lib/armv7-m\libg_n.a(lib_a-memset.o)
 .ARM.attributes
                0x00000530       0x2d c:/programming/embitz/embitz1_11/1.11/share/em_armgcc/bin/../lib/gcc/arm-none-eabi/5.4.1/../../../../arm-none-eabi/lib/armv7-m\libnosys_s.a(_exit.o)
 .ARM.attributes
                0x0000055d       0x2d c:/programming/embitz/embitz1_11/1.11/share/em_armgcc/bin/../lib/gcc/arm-none-eabi/5.4.1/armv7-m/crtend.o
 .ARM.attributes
                0x0000058a       0x1d c:/programming/embitz/embitz1_11/1.11/share/em_armgcc/bin/../lib/gcc/arm-none-eabi/5.4.1/armv7-m/crtn.o

.comment        0x00000000       0x6e
 .comment       0x00000000       0x6e obj\debug\spl\src\misc.o
                                 0x6f (size before relaxing)
 .comment       0x0000006e       0x6f obj\debug\spl\src\stm32f10x_can.o
 .comment       0x0000006e       0x6f obj\debug\spl\src\stm32f10x_exti.o
 .comment       0x0000006e       0x6f obj\debug\spl\src\stm32f10x_gpio.o
 .comment       0x0000006e       0x6f obj\debug\spl\src\stm32f10x_rcc.o
 .comment       0x0000006e       0x6f obj\debug\spl\src\stm32f10x_tim.o
 .comment       0x0000006e       0x6f obj\debug\spl\src\stm32f10x_usart.o
 .comment       0x0000006e       0x6f obj\debug\src\can.o
 .comment       0x0000006e       0x6f obj\debug\src\farbsortierung.o
 .comment       0x0000006e       0x6f obj\debug\src\font.o
 .comment       0x0000006e       0x6f obj\debug\src\fs_entleerung.o
 .comment       0x0000006e       0x6f obj\debug\src\fs_farbsortierung.o
 .comment       0x0000006e       0x6f obj\debug\src\fs_kommissionierung.o
 .comment       0x0000006e       0x6f obj\debug\src\fs_servomotor.o
 .comment       0x0000006e       0x6f obj\debug\src\ili9341_buscycles.o
 .comment       0x0000006e       0x6f obj\debug\src\ili9341_cmddriver.o
 .comment       0x0000006e       0x6f obj\debug\src\init.o
 .comment       0x0000006e       0x6f obj\debug\src\isr.o
 .comment       0x0000006e       0x6f obj\debug\src\main.o
 .comment       0x0000006e       0x6f obj\debug\src\system_stm32f10x.o

.debug_info     0x00000000     0xbfb1
 .debug_info    0x00000000      0x55e obj\debug\spl\src\misc.o
 .debug_info    0x0000055e      0xbac obj\debug\spl\src\stm32f10x_can.o
 .debug_info    0x0000110a      0x359 obj\debug\spl\src\stm32f10x_exti.o
 .debug_info    0x00001463      0x6fe obj\debug\spl\src\stm32f10x_gpio.o
 .debug_info    0x00001b61      0xab1 obj\debug\spl\src\stm32f10x_rcc.o
 .debug_info    0x00002612     0x1c68 obj\debug\spl\src\stm32f10x_tim.o
 .debug_info    0x0000427a      0x9f8 obj\debug\spl\src\stm32f10x_usart.o
 .debug_info    0x00004c72      0xd46 obj\debug\src\can.o
 .debug_info    0x000059b8      0xd80 obj\debug\src\farbsortierung.o
 .debug_info    0x00006738      0x77a obj\debug\src\font.o
 .debug_info    0x00006eb2      0x7c3 obj\debug\src\fs_entleerung.o
 .debug_info    0x00007675      0xabc obj\debug\src\fs_farbsortierung.o
 .debug_info    0x00008131      0xdb6 obj\debug\src\fs_kommissionierung.o
 .debug_info    0x00008ee7      0xaca obj\debug\src\fs_servomotor.o
 .debug_info    0x000099b1      0x7d8 obj\debug\src\ili9341_buscycles.o
 .debug_info    0x0000a189      0x927 obj\debug\src\ili9341_cmddriver.o
 .debug_info    0x0000aab0      0x42f obj\debug\src\init.o
 .debug_info    0x0000aedf      0x76d obj\debug\src\isr.o
 .debug_info    0x0000b64c      0x3ef obj\debug\src\main.o
 .debug_info    0x0000ba3b       0x7c obj\debug\src\startup_stm32f10x_cl.o
 .debug_info    0x0000bab7      0x4fa obj\debug\src\system_stm32f10x.o

.debug_abbrev   0x00000000     0x1f47
 .debug_abbrev  0x00000000      0x14c obj\debug\spl\src\misc.o
 .debug_abbrev  0x0000014c      0x1fa obj\debug\spl\src\stm32f10x_can.o
 .debug_abbrev  0x00000346      0x15a obj\debug\spl\src\stm32f10x_exti.o
 .debug_abbrev  0x000004a0      0x1d1 obj\debug\spl\src\stm32f10x_gpio.o
 .debug_abbrev  0x00000671      0x1c1 obj\debug\spl\src\stm32f10x_rcc.o
 .debug_abbrev  0x00000832      0x1b7 obj\debug\spl\src\stm32f10x_tim.o
 .debug_abbrev  0x000009e9      0x169 obj\debug\spl\src\stm32f10x_usart.o
 .debug_abbrev  0x00000b52      0x23b obj\debug\src\can.o
 .debug_abbrev  0x00000d8d      0x16e obj\debug\src\farbsortierung.o
 .debug_abbrev  0x00000efb      0x16f obj\debug\src\font.o
 .debug_abbrev  0x0000106a      0x133 obj\debug\src\fs_entleerung.o
 .debug_abbrev  0x0000119d      0x208 obj\debug\src\fs_farbsortierung.o
 .debug_abbrev  0x000013a5      0x239 obj\debug\src\fs_kommissionierung.o
 .debug_abbrev  0x000015de      0x1de obj\debug\src\fs_servomotor.o
 .debug_abbrev  0x000017bc      0x213 obj\debug\src\ili9341_buscycles.o
 .debug_abbrev  0x000019cf      0x1b6 obj\debug\src\ili9341_cmddriver.o
 .debug_abbrev  0x00001b85       0xbd obj\debug\src\init.o
 .debug_abbrev  0x00001c42       0xf5 obj\debug\src\isr.o
 .debug_abbrev  0x00001d37       0xa9 obj\debug\src\main.o
 .debug_abbrev  0x00001de0       0x14 obj\debug\src\startup_stm32f10x_cl.o
 .debug_abbrev  0x00001df4      0x153 obj\debug\src\system_stm32f10x.o

.debug_aranges  0x00000000      0xe18
 .debug_aranges
                0x00000000       0x40 obj\debug\spl\src\misc.o
 .debug_aranges
                0x00000040       0xe0 obj\debug\spl\src\stm32f10x_can.o
 .debug_aranges
                0x00000120       0x58 obj\debug\spl\src\stm32f10x_exti.o
 .debug_aranges
                0x00000178       0xa8 obj\debug\spl\src\stm32f10x_gpio.o
 .debug_aranges
                0x00000220      0x160 obj\debug\spl\src\stm32f10x_rcc.o
 .debug_aranges
                0x00000380      0x2f0 obj\debug\spl\src\stm32f10x_tim.o
 .debug_aranges
                0x00000670      0x100 obj\debug\spl\src\stm32f10x_usart.o
 .debug_aranges
                0x00000770       0x48 obj\debug\src\can.o
 .debug_aranges
                0x000007b8       0xa8 obj\debug\src\farbsortierung.o
 .debug_aranges
                0x00000860       0x60 obj\debug\src\font.o
 .debug_aranges
                0x000008c0       0x78 obj\debug\src\fs_entleerung.o
 .debug_aranges
                0x00000938       0xc0 obj\debug\src\fs_farbsortierung.o
 .debug_aranges
                0x000009f8      0x130 obj\debug\src\fs_kommissionierung.o
 .debug_aranges
                0x00000b28       0x58 obj\debug\src\fs_servomotor.o
 .debug_aranges
                0x00000b80       0x80 obj\debug\src\ili9341_buscycles.o
 .debug_aranges
                0x00000c00      0x118 obj\debug\src\ili9341_cmddriver.o
 .debug_aranges
                0x00000d18       0x40 obj\debug\src\init.o
 .debug_aranges
                0x00000d58       0x48 obj\debug\src\isr.o
 .debug_aranges
                0x00000da0       0x20 obj\debug\src\main.o
 .debug_aranges
                0x00000dc0       0x20 obj\debug\src\startup_stm32f10x_cl.o
 .debug_aranges
                0x00000de0       0x38 obj\debug\src\system_stm32f10x.o

.debug_ranges   0x00000000      0xcd0
 .debug_ranges  0x00000000       0x30 obj\debug\spl\src\misc.o
 .debug_ranges  0x00000030       0xd0 obj\debug\spl\src\stm32f10x_can.o
 .debug_ranges  0x00000100       0x48 obj\debug\spl\src\stm32f10x_exti.o
 .debug_ranges  0x00000148       0x98 obj\debug\spl\src\stm32f10x_gpio.o
 .debug_ranges  0x000001e0      0x150 obj\debug\spl\src\stm32f10x_rcc.o
 .debug_ranges  0x00000330      0x2e0 obj\debug\spl\src\stm32f10x_tim.o
 .debug_ranges  0x00000610       0xf0 obj\debug\spl\src\stm32f10x_usart.o
 .debug_ranges  0x00000700       0x38 obj\debug\src\can.o
 .debug_ranges  0x00000738       0x98 obj\debug\src\farbsortierung.o
 .debug_ranges  0x000007d0       0x50 obj\debug\src\font.o
 .debug_ranges  0x00000820       0x68 obj\debug\src\fs_entleerung.o
 .debug_ranges  0x00000888       0xc8 obj\debug\src\fs_farbsortierung.o
 .debug_ranges  0x00000950      0x120 obj\debug\src\fs_kommissionierung.o
 .debug_ranges  0x00000a70       0x48 obj\debug\src\fs_servomotor.o
 .debug_ranges  0x00000ab8       0x70 obj\debug\src\ili9341_buscycles.o
 .debug_ranges  0x00000b28      0x108 obj\debug\src\ili9341_cmddriver.o
 .debug_ranges  0x00000c30       0x30 obj\debug\src\init.o
 .debug_ranges  0x00000c60       0x38 obj\debug\src\isr.o
 .debug_ranges  0x00000c98       0x10 obj\debug\src\main.o
 .debug_ranges  0x00000ca8       0x28 obj\debug\src\system_stm32f10x.o

.debug_macro    0x00000000    0x13813
 .debug_macro   0x00000000      0x19e obj\debug\spl\src\misc.o
 .debug_macro   0x0000019e      0x886 obj\debug\spl\src\misc.o
 .debug_macro   0x00000a24       0x5d obj\debug\spl\src\misc.o
 .debug_macro   0x00000a81       0x3a obj\debug\spl\src\misc.o
 .debug_macro   0x00000abb       0x22 obj\debug\spl\src\misc.o
 .debug_macro   0x00000add       0x87 obj\debug\spl\src\misc.o
 .debug_macro   0x00000b64       0x44 obj\debug\spl\src\misc.o
 .debug_macro   0x00000ba8       0xfd obj\debug\spl\src\misc.o
 .debug_macro   0x00000ca5       0x5e obj\debug\spl\src\misc.o
 .debug_macro   0x00000d03      0x1df obj\debug\spl\src\misc.o
 .debug_macro   0x00000ee2       0x18 obj\debug\spl\src\misc.o
 .debug_macro   0x00000efa      0xa36 obj\debug\spl\src\misc.o
 .debug_macro   0x00001930     0x8948 obj\debug\spl\src\misc.o
 .debug_macro   0x0000a278      0x2df obj\debug\spl\src\misc.o
 .debug_macro   0x0000a557      0x144 obj\debug\spl\src\misc.o
 .debug_macro   0x0000a69b      0x3cf obj\debug\spl\src\misc.o
 .debug_macro   0x0000aa6a       0xc8 obj\debug\spl\src\misc.o
 .debug_macro   0x0000ab32      0x17a obj\debug\spl\src\misc.o
 .debug_macro   0x0000acac       0xac obj\debug\spl\src\misc.o
 .debug_macro   0x0000ad58      0x3ad obj\debug\spl\src\misc.o
 .debug_macro   0x0000b105       0x9a obj\debug\spl\src\misc.o
 .debug_macro   0x0000b19f      0x2cf obj\debug\spl\src\misc.o
 .debug_macro   0x0000b46e      0x279 obj\debug\spl\src\misc.o
 .debug_macro   0x0000b6e7      0x2ac obj\debug\spl\src\misc.o
 .debug_macro   0x0000b993      0x2b1 obj\debug\spl\src\misc.o
 .debug_macro   0x0000bc44       0x64 obj\debug\spl\src\misc.o
 .debug_macro   0x0000bca8       0x82 obj\debug\spl\src\misc.o
 .debug_macro   0x0000bd2a      0x5ba obj\debug\spl\src\misc.o
 .debug_macro   0x0000c2e4       0x58 obj\debug\spl\src\misc.o
 .debug_macro   0x0000c33c      0x341 obj\debug\spl\src\misc.o
 .debug_macro   0x0000c67d      0x2c4 obj\debug\spl\src\misc.o
 .debug_macro   0x0000c941      0x711 obj\debug\spl\src\misc.o
 .debug_macro   0x0000d052      0x220 obj\debug\spl\src\misc.o
 .debug_macro   0x0000d272       0x34 obj\debug\spl\src\misc.o
 .debug_macro   0x0000d2a6       0x35 obj\debug\spl\src\misc.o
 .debug_macro   0x0000d2db       0x85 obj\debug\spl\src\misc.o
 .debug_macro   0x0000d360      0x1ec obj\debug\spl\src\stm32f10x_can.o
 .debug_macro   0x0000d54c      0x3c9 obj\debug\spl\src\stm32f10x_can.o
 .debug_macro   0x0000d915      0x19e obj\debug\spl\src\stm32f10x_exti.o
 .debug_macro   0x0000dab3       0x94 obj\debug\spl\src\stm32f10x_exti.o
 .debug_macro   0x0000db47      0x1e6 obj\debug\spl\src\stm32f10x_gpio.o
 .debug_macro   0x0000dd2d      0x2a6 obj\debug\spl\src\stm32f10x_gpio.o
 .debug_macro   0x0000dfd3      0x30d obj\debug\spl\src\stm32f10x_rcc.o
 .debug_macro   0x0000e2e0      0x5b4 obj\debug\spl\src\stm32f10x_rcc.o
 .debug_macro   0x0000e894      0x1b0 obj\debug\spl\src\stm32f10x_tim.o
 .debug_macro   0x0000ea44      0x70b obj\debug\spl\src\stm32f10x_tim.o
 .debug_macro   0x0000f14f      0x24c obj\debug\spl\src\stm32f10x_usart.o
 .debug_macro   0x0000f39b      0x21a obj\debug\spl\src\stm32f10x_usart.o
 .debug_macro   0x0000f5b5      0x3b5 obj\debug\src\can.o
 .debug_macro   0x0000f96a       0x22 obj\debug\src\can.o
 .debug_macro   0x0000f98c       0x11 obj\debug\src\can.o
 .debug_macro   0x0000f99d       0x58 obj\debug\src\can.o
 .debug_macro   0x0000f9f5       0x52 obj\debug\src\can.o
 .debug_macro   0x0000fa47       0x35 obj\debug\src\can.o
 .debug_macro   0x0000fa7c       0x9c obj\debug\src\can.o
 .debug_macro   0x0000fb18       0x16 obj\debug\src\can.o
 .debug_macro   0x0000fb2e      0x10e obj\debug\src\can.o
 .debug_macro   0x0000fc3c       0x8d obj\debug\src\can.o
 .debug_macro   0x0000fcc9       0x52 obj\debug\src\can.o
 .debug_macro   0x0000fd1b       0x1f obj\debug\src\can.o
 .debug_macro   0x0000fd3a       0x43 obj\debug\src\can.o
 .debug_macro   0x0000fd7d       0x20 obj\debug\src\can.o
 .debug_macro   0x0000fd9d      0x187 obj\debug\src\can.o
 .debug_macro   0x0000ff24      0x30d obj\debug\src\can.o
 .debug_macro   0x00010231       0x16 obj\debug\src\can.o
 .debug_macro   0x00010247       0x29 obj\debug\src\can.o
 .debug_macro   0x00010270       0x16 obj\debug\src\can.o
 .debug_macro   0x00010286       0x35 obj\debug\src\can.o
 .debug_macro   0x000102bb       0x10 obj\debug\src\can.o
 .debug_macro   0x000102cb      0x45d obj\debug\src\can.o
 .debug_macro   0x00010728       0x1c obj\debug\src\can.o
 .debug_macro   0x00010744       0x10 obj\debug\src\can.o
 .debug_macro   0x00010754       0x10 obj\debug\src\can.o
 .debug_macro   0x00010764       0x1c obj\debug\src\can.o
 .debug_macro   0x00010780       0x52 obj\debug\src\can.o
 .debug_macro   0x000107d2       0x40 obj\debug\src\can.o
 .debug_macro   0x00010812       0x10 obj\debug\src\can.o
 .debug_macro   0x00010822       0x40 obj\debug\src\can.o
 .debug_macro   0x00010862       0xd7 obj\debug\src\can.o
 .debug_macro   0x00010939       0x16 obj\debug\src\can.o
 .debug_macro   0x0001094f      0x189 obj\debug\src\can.o
 .debug_macro   0x00010ad8       0x16 obj\debug\src\can.o
 .debug_macro   0x00010aee       0x5e obj\debug\src\can.o
 .debug_macro   0x00010b4c       0x2e obj\debug\src\can.o
 .debug_macro   0x00010b7a       0x9a obj\debug\src\can.o
 .debug_macro   0x00010c14       0xb2 obj\debug\src\can.o
 .debug_macro   0x00010cc6       0x5e obj\debug\src\can.o
 .debug_macro   0x00010d24       0x8e obj\debug\src\can.o
 .debug_macro   0x00010db2      0x3b5 obj\debug\src\farbsortierung.o
 .debug_macro   0x00011167      0x3b5 obj\debug\src\font.o
 .debug_macro   0x0001151c      0x3b5 obj\debug\src\fs_entleerung.o
 .debug_macro   0x000118d1      0x3b5 obj\debug\src\fs_farbsortierung.o
 .debug_macro   0x00011c86      0x3b5 obj\debug\src\fs_kommissionierung.o
 .debug_macro   0x0001203b      0x3b5 obj\debug\src\fs_servomotor.o
 .debug_macro   0x000123f0      0x3b5 obj\debug\src\ili9341_buscycles.o
 .debug_macro   0x000127a5      0x3b5 obj\debug\src\ili9341_cmddriver.o
 .debug_macro   0x00012b5a      0x3b5 obj\debug\src\init.o
 .debug_macro   0x00012f0f      0x3b5 obj\debug\src\isr.o
 .debug_macro   0x000132c4      0x3b5 obj\debug\src\main.o
 .debug_macro   0x00013679      0x19a obj\debug\src\system_stm32f10x.o

.debug_line     0x00000000     0x979f
 .debug_line    0x00000000      0x47a obj\debug\spl\src\misc.o
 .debug_line    0x0000047a      0x798 obj\debug\spl\src\stm32f10x_can.o
 .debug_line    0x00000c12      0x4d3 obj\debug\spl\src\stm32f10x_exti.o
 .debug_line    0x000010e5      0x5fd obj\debug\spl\src\stm32f10x_gpio.o
 .debug_line    0x000016e2      0x7b5 obj\debug\spl\src\stm32f10x_rcc.o
 .debug_line    0x00001e97      0xd7e obj\debug\spl\src\stm32f10x_tim.o
 .debug_line    0x00002c15      0x6cb obj\debug\spl\src\stm32f10x_usart.o
 .debug_line    0x000032e0      0x746 obj\debug\src\can.o
 .debug_line    0x00003a26      0x807 obj\debug\src\farbsortierung.o
 .debug_line    0x0000422d      0x748 obj\debug\src\font.o
 .debug_line    0x00004975      0x868 obj\debug\src\fs_entleerung.o
 .debug_line    0x000051dd      0x83a obj\debug\src\fs_farbsortierung.o
 .debug_line    0x00005a17      0xb67 obj\debug\src\fs_kommissionierung.o
 .debug_line    0x0000657e      0x799 obj\debug\src\fs_servomotor.o
 .debug_line    0x00006d17      0x7b7 obj\debug\src\ili9341_buscycles.o
 .debug_line    0x000074ce      0x951 obj\debug\src\ili9341_cmddriver.o
 .debug_line    0x00007e1f      0x6aa obj\debug\src\init.o
 .debug_line    0x000084c9      0x6d1 obj\debug\src\isr.o
 .debug_line    0x00008b9a      0x67a obj\debug\src\main.o
 .debug_line    0x00009214       0xba obj\debug\src\startup_stm32f10x_cl.o
 .debug_line    0x000092ce      0x4d1 obj\debug\src\system_stm32f10x.o

.debug_str      0x00000000    0x5e488
 .debug_str     0x00000000    0x53851 obj\debug\spl\src\misc.o
                              0x539ca (size before relaxing)
 .debug_str     0x00053851      0x702 obj\debug\spl\src\stm32f10x_can.o
                              0x53efc (size before relaxing)
 .debug_str     0x00053f53      0x1cb obj\debug\spl\src\stm32f10x_exti.o
                              0x5394d (size before relaxing)
 .debug_str     0x0005411e      0x59b obj\debug\spl\src\stm32f10x_gpio.o
                              0x53d3c (size before relaxing)
 .debug_str     0x000546b9      0xe4a obj\debug\spl\src\stm32f10x_rcc.o
                              0x546df (size before relaxing)
 .debug_str     0x00055503      0xbfb obj\debug\spl\src\stm32f10x_tim.o
                              0x54440 (size before relaxing)
 .debug_str     0x000560fe      0x7e0 obj\debug\spl\src\stm32f10x_usart.o
                              0x5404c (size before relaxing)
 .debug_str     0x000568de     0x628d obj\debug\src\can.o
                              0x59e82 (size before relaxing)
 .debug_str     0x0005cb6b      0x18d obj\debug\src\farbsortierung.o
                              0x59f93 (size before relaxing)
 .debug_str     0x0005ccf8      0x114 obj\debug\src\font.o
                              0x59712 (size before relaxing)
 .debug_str     0x0005ce0c      0x576 obj\debug\src\fs_entleerung.o
                              0x59b93 (size before relaxing)
 .debug_str     0x0005d382      0x309 obj\debug\src\fs_farbsortierung.o
                              0x59a39 (size before relaxing)
 .debug_str     0x0005d68b      0x527 obj\debug\src\fs_kommissionierung.o
                              0x59c30 (size before relaxing)
 .debug_str     0x0005dbb2      0x213 obj\debug\src\fs_servomotor.o
                              0x599d1 (size before relaxing)
 .debug_str     0x0005ddc5      0x129 obj\debug\src\ili9341_buscycles.o
                              0x5985f (size before relaxing)
 .debug_str     0x0005deee      0x43a obj\debug\src\ili9341_cmddriver.o
                              0x59a3d (size before relaxing)
 .debug_str     0x0005e328       0x15 obj\debug\src\init.o
                              0x595e2 (size before relaxing)
 .debug_str     0x0005e33d       0x84 obj\debug\src\isr.o
                              0x5976e (size before relaxing)
 .debug_str     0x0005e3c1       0x10 obj\debug\src\main.o
                              0x595b6 (size before relaxing)
 .debug_str     0x0005e3d1       0xb7 obj\debug\src\system_stm32f10x.o
                              0x5393e (size before relaxing)

.debug_frame    0x00000000     0x39f8
 .debug_frame   0x00000000       0xd8 obj\debug\spl\src\misc.o
 .debug_frame   0x000000d8      0x3f0 obj\debug\spl\src\stm32f10x_can.o
 .debug_frame   0x000004c8      0x148 obj\debug\spl\src\stm32f10x_exti.o
 .debug_frame   0x00000610      0x2d0 obj\debug\spl\src\stm32f10x_gpio.o
 .debug_frame   0x000008e0      0x65c obj\debug\spl\src\stm32f10x_rcc.o
 .debug_frame   0x00000f3c      0xe2c obj\debug\spl\src\stm32f10x_tim.o
 .debug_frame   0x00001d68      0x490 obj\debug\spl\src\stm32f10x_usart.o
 .debug_frame   0x000021f8       0xe0 obj\debug\src\can.o
 .debug_frame   0x000022d8      0x268 obj\debug\src\farbsortierung.o
 .debug_frame   0x00002540      0x154 obj\debug\src\font.o
 .debug_frame   0x00002694      0x194 obj\debug\src\fs_entleerung.o
 .debug_frame   0x00002828      0x2d0 obj\debug\src\fs_farbsortierung.o
 .debug_frame   0x00002af8      0x530 obj\debug\src\fs_kommissionierung.o
 .debug_frame   0x00003028      0x120 obj\debug\src\fs_servomotor.o
 .debug_frame   0x00003148      0x1c0 obj\debug\src\ili9341_buscycles.o
 .debug_frame   0x00003308      0x430 obj\debug\src\ili9341_cmddriver.o
 .debug_frame   0x00003738       0xb0 obj\debug\src\init.o
 .debug_frame   0x000037e8       0xb8 obj\debug\src\isr.o
 .debug_frame   0x000038a0       0x2c obj\debug\src\main.o
 .debug_frame   0x000038cc       0x98 obj\debug\src\system_stm32f10x.o
 .debug_frame   0x00003964       0x28 c:/programming/embitz/embitz1_11/1.11/share/em_armgcc/bin/../lib/gcc/arm-none-eabi/5.4.1/../../../../arm-none-eabi/lib/armv7-m\libg_n.a(lib_a-exit.o)
 .debug_frame   0x0000398c       0x2c c:/programming/embitz/embitz1_11/1.11/share/em_armgcc/bin/../lib/gcc/arm-none-eabi/5.4.1/../../../../arm-none-eabi/lib/armv7-m\libg_n.a(lib_a-init.o)
 .debug_frame   0x000039b8       0x20 c:/programming/embitz/embitz1_11/1.11/share/em_armgcc/bin/../lib/gcc/arm-none-eabi/5.4.1/../../../../arm-none-eabi/lib/armv7-m\libg_n.a(lib_a-memset.o)
 .debug_frame   0x000039d8       0x20 c:/programming/embitz/embitz1_11/1.11/share/em_armgcc/bin/../lib/gcc/arm-none-eabi/5.4.1/../../../../arm-none-eabi/lib/armv7-m\libnosys_s.a(_exit.o)
